[2025-04-10 06:15:10] [INFO] You are running an up-to-date version of the ado2gh CLI [v1.12.0]
[2025-04-10 06:15:10] [INFO] ADO ORG: sachugk
[2025-04-10 06:15:10] [INFO] ADO PAT: ***
[2025-04-10 06:15:10] [INFO] Creating inventory report...
[2025-04-10 06:15:10] [INFO] Finding Orgs...
[2025-04-10 06:15:10] [INFO] Found 1 Orgs
[2025-04-10 06:15:10] [INFO] Finding Team Projects...
[2025-04-10 06:15:10] [INFO] Found 3 Team Projects
[2025-04-10 06:15:10] [INFO] Finding Repos...
[2025-04-10 06:15:11] [INFO] Found 3 Repos
[2025-04-10 06:15:11] [INFO] Finding Pipelines...
[2025-04-10 06:15:13] [INFO] Found 0 Pipelines
[2025-04-10 06:15:13] [INFO] Generating orgs.csv...
[2025-04-10 06:15:14] [INFO] orgs.csv generated
[2025-04-10 06:15:14] [INFO] Generating teamprojects.csv...
[2025-04-10 06:15:14] [INFO] team-projects.csv generated
[2025-04-10 06:15:14] [INFO] Generating repos.csv...
[2025-04-10 06:15:26] [INFO] repos.csv generated
[2025-04-10 06:15:26] [INFO] Generating pipelines.csv...
[2025-04-10 06:15:26] [INFO] pipelines.csv generated
