[2025-04-10 12:39:51] [INFO] You are running an up-to-date version of the ado2gh CLI [v1.12.0]
[2025-04-10 12:39:52] [INFO] ADO ORG: sachugk
[2025-04-10 12:39:52] [INFO] ADO PAT: ***
[2025-04-10 12:39:52] [INFO] Creating inventory report...
[2025-04-10 12:39:52] [INFO] Finding Orgs...
[2025-04-10 12:39:52] [INFO] Found 1 Orgs
[2025-04-10 12:39:52] [INFO] Finding Team Projects...
[2025-04-10 12:39:52] [INFO] Found 3 Team Projects
[2025-04-10 12:39:52] [INFO] Finding Repos...
[2025-04-10 12:39:53] [INFO] Found 3 Repos
[2025-04-10 12:39:53] [INFO] Finding Pipelines...
[2025-04-10 12:39:55] [INFO] Found 4 Pipelines
[2025-04-10 12:39:55] [INFO] Generating orgs.csv...
[2025-04-10 12:39:57] [INFO] orgs.csv generated
[2025-04-10 12:39:57] [INFO] Generating teamprojects.csv...
[2025-04-10 12:39:57] [INFO] team-projects.csv generated
[2025-04-10 12:39:57] [INFO] Generating repos.csv...
[2025-04-10 12:40:09] [INFO] repos.csv generated
[2025-04-10 12:40:09] [INFO] Generating pipelines.csv...
[2025-04-10 12:40:10] [INFO] pipelines.csv generated
