# Logfile created on 2025-04-18 07:34:14 +0000 by logger.rb/v1.6.0
I, [2025-04-18T07:34:14.590714 #1]  INFO -- : Using GitHub Features: Defaults
I, [2025-04-18T07:34:14.590781 #1]  INFO -- : Auditing 'REDACTED://dev.azure.com/sachugk/org,teamproject,url,repo-count,pipeline-count,pr-count/_build'
I, [2025-04-18T07:34:14.598565 #1]  INFO -- request: GET REDACTED://dev.azure.com/sachugk/_apis/distributedtask/tasks?api-version=5.0-preview
I, [2025-04-18T07:34:15.245561 #1]  INFO -- response: Status 200
I, [2025-04-18T07:34:15.272970 #1]  INFO -- request: GET REDACTED://dev.azure.com/sachugk/org,teamproject,url,repo-count,pipeline-count,pr-count/_apis/build/definitions?api-version=5.0&includeAllProperties=true&queryOrder=lastModifiedDescending
I, [2025-04-18T07:34:15.502298 #1]  INFO -- response: Status 400
I, [2025-04-18T07:34:15.539432 #1]  INFO -- request: GET REDACTED://api.github.com/user
I, [2025-04-18T07:34:15.641942 #1]  INFO -- response: Status 200
I, [2025-04-18T07:34:15.643174 #1]  INFO -- : Sending telemetry with transaction id 'ff9dc6ac-38fd-4c1c-8e66-f04c5ff91c5a'
E, [2025-04-18T07:34:15.698107 #1] ERROR -- : There was an error extracting pipelines from Azure DevOps
Message: (GET 400) Bad Request: REDACTED://dev.azure.com/sachugk/org,teamproject,url,repo-count,pipeline-count,pr-count/_apis/build/definitions?api-version=5.0&includeAllProperties=true&queryOrder=lastModifiedDescending
TF200016: The following project does not exist: org,teamproject,url,repo-count,pipeline-count,pr-count. Verify that the name of the project is correct and that the project exists on the specified Azure DevOps Server. Microsoft.TeamFoundation.Core.WebApi.ProjectDoesNotExistWithNameException, Microsoft.TeamFoundation.Core.WebApi
/usr/local/bundle/gems/actions_importer-1.3.22380/lib/valet/services/azure_devops/parse_response.rb:26:in `parse!'
/usr/local/bundle/gems/actions_importer-1.3.22380/lib/valet/adapters/azure_devops/client.rb:139:in `block in fetch_all'
<internal:kernel>:187:in `loop'
/usr/local/bundle/gems/actions_importer-1.3.22380/lib/valet/adapters/azure_devops/client.rb:132:in `fetch_all'
/usr/local/bundle/gems/actions_importer-1.3.22380/lib/valet/adapters/azure_devops/client.rb:40:in `fetch_all_pipelines'
/usr/local/bundle/gems/actions_importer-1.3.22380/lib/valet/services/azure_devops/extract_all_pipelines.rb:43:in `build_pipelines'
/usr/local/bundle/gems/sorbet-runtime-0.5.11108/lib/types/private/methods/call_validation.rb:256:in `bind_call'
/usr/local/bundle/gems/sorbet-runtime-0.5.11108/lib/types/private/methods/call_validation.rb:256:in `validate_call'
/usr/local/bundle/gems/sorbet-runtime-0.5.11108/lib/types/private/methods/_methods.rb:275:in `block in _on_method_added'
/usr/local/bundle/gems/actions_importer-1.3.22380/lib/valet/services/azure_devops/extract_all_pipelines.rb:30:in `block in call'
/usr/local/bundle/gems/actions_importer-1.3.22380/lib/valet/services/azure_devops/extract_all_pipelines.rb:25:in `each'
/usr/local/bundle/gems/actions_importer-1.3.22380/lib/valet/services/azure_devops/extract_all_pipelines.rb:25:in `flat_map'
/usr/local/bundle/gems/actions_importer-1.3.22380/lib/valet/services/azure_devops/extract_all_pipelines.rb:25:in `call'
/usr/local/bundle/gems/sorbet-runtime-0.5.11108/lib/types/private/methods/call_validation.rb:256:in `bind_call'
/usr/local/bundle/gems/sorbet-runtime-0.5.11108/lib/types/private/methods/call_validation.rb:256:in `validate_call'
/usr/local/bundle/gems/sorbet-runtime-0.5.11108/lib/types/private/methods/_methods.rb:275:in `block in _on_method_added'
/usr/local/bundle/gems/actions_importer-1.3.22380/lib/valet/adapters/provider_resolver.rb:66:in `call'
/usr/local/bundle/gems/actions_importer-1.3.22380/lib/valet/commands/audit.rb:16:in `block in call'
/usr/local/bundle/gems/actions_importer-1.3.22380/lib/valet/logger.rb:96:in `with_progress_bar'
/usr/local/bundle/gems/actions_importer-1.3.22380/lib/valet/commands/audit.rb:15:in `call'
/usr/local/bundle/gems/actions_importer-1.3.22380/lib/valet/subcommands/audit.rb:50:in `azure_devops'
/usr/local/bundle/gems/thor-1.2.2/lib/thor/command.rb:27:in `run'
/usr/local/bundle/gems/thor-1.2.2/lib/thor/invocation.rb:127:in `invoke_command'
/usr/local/bundle/gems/thor-1.2.2/lib/thor.rb:392:in `dispatch'
/usr/local/bundle/gems/thor-1.2.2/lib/thor/invocation.rb:116:in `invoke'
/usr/local/bundle/gems/thor-1.2.2/lib/thor.rb:243:in `block in subcommand'
/usr/local/bundle/gems/thor-1.2.2/lib/thor/command.rb:27:in `run'
/usr/local/bundle/gems/thor-1.2.2/lib/thor/invocation.rb:127:in `invoke_command'
/usr/local/bundle/gems/thor-1.2.2/lib/thor.rb:392:in `dispatch'
/usr/local/bundle/gems/thor-1.2.2/lib/thor/base.rb:485:in `start'
/usr/local/bundle/gems/actions_importer-1.3.22380/exe/actions-importer:19:in `<top (required)>'
/usr/local/bundle/bin/actions-importer:25:in `load'
/usr/local/bundle/bin/actions-importer:25:in `<main>'
